/home/jammy/Code/PyAutoLabs-wt/potential-correction-validation/PyAutoArray/autoarray/operators/convolver.py:1424: UserWarning: No blurring_image provided. Only the direct image will be convolved. This may change the correctness of the PSF convolution.
  warnings.warn(
2026-07-31 16:36:39,908 - autoarray.dataset.imaging.dataset - INFO - IMAGING - Data masked, contains a total of 5858 image-pixels
unmasked pixels: 5858
one-shot evidence row 1/13 (log10 c = 1.00) best so far = 9.3369e+03
one-shot evidence row 2/13 (log10 c = 1.50) best so far = 9.3369e+03
one-shot evidence row 3/13 (log10 c = 2.00) best so far = 9.3463e+03
one-shot evidence row 4/13 (log10 c = 2.50) best so far = 9.3499e+03
one-shot evidence row 5/13 (log10 c = 3.00) best so far = 9.3506e+03
one-shot evidence row 6/13 (log10 c = 3.50) best so far = 9.3506e+03
one-shot evidence row 7/13 (log10 c = 4.00) best so far = 9.3506e+03
one-shot evidence row 8/13 (log10 c = 4.50) best so far = 9.3506e+03
one-shot evidence row 9/13 (log10 c = 5.00) best so far = 9.3506e+03
one-shot evidence row 10/13 (log10 c = 5.50) best so far = 9.3506e+03
one-shot evidence row 11/13 (log10 c = 6.00) best so far = 9.3506e+03
one-shot evidence row 12/13 (log10 c = 6.50) best so far = 9.3506e+03
one-shot evidence row 13/13 (log10 c = 7.00) best so far = 9.3506e+03
one-shot evidence max = 9.350603e+03 at coefficient = 1000, scale = 1
one-shot @ ridge (c=2000, s=4): corr(dkappa_rec, dkappa_true) = 0.8228; peak dist = 0.06"
one-shot @ evidence max: corr(dkappa_rec, dkappa_true) = 0.1295; peak dist = 0.36"
iterative (1,1)/(5,5): log evidence = 6.012598e+03
iterative (1,2)/(5,5): log evidence = 7.916027e+03
iterative (1,3)/(5,5): log evidence = 8.659440e+03
2026-07-31 17:38:50,099 - autolens.potential_correction.iterative - WARNING - 10 consecutive rejected LM steps (each a full Jacobian rebuild); stopping at the current state.
iterative (1,4)/(5,5): log evidence = 9.072400e+03
iterative (1,5)/(5,5): log evidence = 9.093465e+03
iterative (2,1)/(5,5): log evidence = 7.634814e+03
iterative (2,2)/(5,5): log evidence = 8.499369e+03
2026-07-31 18:22:47,757 - autolens.potential_correction.iterative - WARNING - 10 consecutive rejected LM steps (each a full Jacobian rebuild); stopping at the current state.
iterative (2,3)/(5,5): log evidence = 9.087893e+03
2026-07-31 18:34:01,536 - autolens.potential_correction.iterative - WARNING - 10 consecutive rejected LM steps (each a full Jacobian rebuild); stopping at the current state.
iterative (2,4)/(5,5): log evidence = 9.109647e+03
2026-07-31 18:45:46,637 - autolens.potential_correction.iterative - WARNING - 10 consecutive rejected LM steps (each a full Jacobian rebuild); stopping at the current state.
iterative (2,5)/(5,5): log evidence = 8.997753e+03
iterative (3,1)/(5,5): log evidence = 8.856334e+03
iterative (3,2)/(5,5): log evidence = 9.098208e+03
2026-07-31 19:16:44,763 - autolens.potential_correction.iterative - WARNING - 10 consecutive rejected LM steps (each a full Jacobian rebuild); stopping at the current state.
iterative (3,3)/(5,5): log evidence = 9.121546e+03
2026-07-31 19:27:11,406 - autolens.potential_correction.iterative - WARNING - 10 consecutive rejected LM steps (each a full Jacobian rebuild); stopping at the current state.
iterative (3,4)/(5,5): log evidence = 9.074923e+03
2026-07-31 19:37:39,321 - autolens.potential_correction.iterative - WARNING - 10 consecutive rejected LM steps (each a full Jacobian rebuild); stopping at the current state.
iterative (3,5)/(5,5): log evidence = 8.526329e+03
2026-07-31 19:48:05,139 - autolens.potential_correction.iterative - WARNING - 10 consecutive rejected LM steps (each a full Jacobian rebuild); stopping at the current state.
iterative (4,1)/(5,5): log evidence = 9.144073e+03
2026-07-31 19:58:43,093 - autolens.potential_correction.iterative - WARNING - 10 consecutive rejected LM steps (each a full Jacobian rebuild); stopping at the current state.
iterative (4,2)/(5,5): log evidence = 9.148527e+03
2026-07-31 20:09:08,283 - autolens.potential_correction.iterative - WARNING - 10 consecutive rejected LM steps (each a full Jacobian rebuild); stopping at the current state.
iterative (4,3)/(5,5): log evidence = 9.090856e+03
2026-07-31 20:19:37,718 - autolens.potential_correction.iterative - WARNING - 10 consecutive rejected LM steps (each a full Jacobian rebuild); stopping at the current state.
iterative (4,4)/(5,5): log evidence = 8.791969e+03
2026-07-31 20:28:52,387 - autolens.potential_correction.iterative - WARNING - 10 consecutive rejected LM steps (each a full Jacobian rebuild); stopping at the current state.
iterative (4,5)/(5,5): log evidence = 7.000971e+03
2026-07-31 20:39:26,615 - autolens.potential_correction.iterative - WARNING - 10 consecutive rejected LM steps (each a full Jacobian rebuild); stopping at the current state.
iterative (5,1)/(5,5): log evidence = 8.920140e+03
2026-07-31 20:49:57,046 - autolens.potential_correction.iterative - WARNING - 10 consecutive rejected LM steps (each a full Jacobian rebuild); stopping at the current state.
iterative (5,2)/(5,5): log evidence = 8.974827e+03
2026-07-31 20:59:42,819 - autolens.potential_correction.iterative - WARNING - 10 consecutive rejected LM steps (each a full Jacobian rebuild); stopping at the current state.
iterative (5,3)/(5,5): log evidence = 8.778757e+03
2026-07-31 21:08:53,292 - autolens.potential_correction.iterative - WARNING - 10 consecutive rejected LM steps (each a full Jacobian rebuild); stopping at the current state.
iterative (5,4)/(5,5): log evidence = 7.549056e+03
2026-07-31 21:18:25,908 - autolens.potential_correction.iterative - WARNING - 10 consecutive rejected LM steps (each a full Jacobian rebuild); stopping at the current state.
iterative (5,5)/(5,5): log evidence = 4.855369e+03
iterative evidence max = 9.148527e+03 at coefficient = 1e+05, scale = 0.631
iterative @ evidence max: corr(dkappa_rec, dkappa_true) = 0.2667; peak dist = 0.16"
evidence-sampled subhalo recovery checks all passed
EXIT_CODE=0
